// Jest Snapshot v1, https://goo.gl/fbAQLP

exports[`renders correctly 1`] = `
<Text
  style={
    [
      {
        "color": "red",
        "fontFamily": "Nunito-Medium",
        "fontSize": 14,
        "lineHeight": 16,
        "textAlign": "auto",
      },
      {},
    ]
  }
>
  Hello World
</Text>
`;
