// Jest Snapshot v1, https://goo.gl/fbAQLP

exports[`should match snapshot 1`] = `
<View
  style={{}}
>
  <View
    style={
      {
        "flexDirection": "row",
        "justifyContent": "space-around",
        "marginTop": 0,
      }
    }
  >
    <View
      accessible={true}
      collapsable={false}
      focusable={true}
      hitSlop={
        {
          "bottom": 10,
          "left": 10,
          "right": 10,
          "top": 10,
        }
      }
      onClick={[Function]}
      onResponderGrant={[Function]}
      onResponderMove={[Function]}
      onResponderRelease={[Function]}
      onResponderTerminate={[Function]}
      onResponderTerminationRequest={[Function]}
      onStartShouldSetResponder={[Function]}
      style={
        {
          "alignItems": "center",
          "height": 48,
          "justifyContent": "center",
          "opacity": 1,
          "width": 48,
        }
      }
    >
      <Text
        style={
          [
            {
              "color": "#1A1A1A",
              "fontFamily": "Nunito-Bold",
              "fontSize": 32,
              "lineHeight": 38,
              "textAlign": "center",
            },
            {},
          ]
        }
      >
        1
      </Text>
    </View>
    <View
      accessible={true}
      collapsable={false}
      focusable={true}
      hitSlop={
        {
          "bottom": 10,
          "left": 10,
          "right": 10,
          "top": 10,
        }
      }
      onClick={[Function]}
      onResponderGrant={[Function]}
      onResponderMove={[Function]}
      onResponderRelease={[Function]}
      onResponderTerminate={[Function]}
      onResponderTerminationRequest={[Function]}
      onStartShouldSetResponder={[Function]}
      style={
        {
          "alignItems": "center",
          "height": 48,
          "justifyContent": "center",
          "opacity": 1,
          "width": 48,
        }
      }
    >
      <Text
        style={
          [
            {
              "color": "#1A1A1A",
              "fontFamily": "Nunito-Bold",
              "fontSize": 32,
              "lineHeight": 38,
              "textAlign": "center",
            },
            {},
          ]
        }
      >
        2
      </Text>
    </View>
    <View
      accessible={true}
      collapsable={false}
      focusable={true}
      hitSlop={
        {
          "bottom": 10,
          "left": 10,
          "right": 10,
          "top": 10,
        }
      }
      onClick={[Function]}
      onResponderGrant={[Function]}
      onResponderMove={[Function]}
      onResponderRelease={[Function]}
      onResponderTerminate={[Function]}
      onResponderTerminationRequest={[Function]}
      onStartShouldSetResponder={[Function]}
      style={
        {
          "alignItems": "center",
          "height": 48,
          "justifyContent": "center",
          "opacity": 1,
          "width": 48,
        }
      }
    >
      <Text
        style={
          [
            {
              "color": "#1A1A1A",
              "fontFamily": "Nunito-Bold",
              "fontSize": 32,
              "lineHeight": 38,
              "textAlign": "center",
            },
            {},
          ]
        }
      >
        3
      </Text>
    </View>
  </View>
  <View
    style={
      {
        "flexDirection": "row",
        "justifyContent": "space-around",
        "marginTop": 12,
      }
    }
  >
    <View
      accessible={true}
      collapsable={false}
      focusable={true}
      hitSlop={
        {
          "bottom": 10,
          "left": 10,
          "right": 10,
          "top": 10,
        }
      }
      onClick={[Function]}
      onResponderGrant={[Function]}
      onResponderMove={[Function]}
      onResponderRelease={[Function]}
      onResponderTerminate={[Function]}
      onResponderTerminationRequest={[Function]}
      onStartShouldSetResponder={[Function]}
      style={
        {
          "alignItems": "center",
          "height": 48,
          "justifyContent": "center",
          "opacity": 1,
          "width": 48,
        }
      }
    >
      <Text
        style={
          [
            {
              "color": "#1A1A1A",
              "fontFamily": "Nunito-Bold",
              "fontSize": 32,
              "lineHeight": 38,
              "textAlign": "center",
            },
            {},
          ]
        }
      >
        4
      </Text>
    </View>
    <View
      accessible={true}
      collapsable={false}
      focusable={true}
      hitSlop={
        {
          "bottom": 10,
          "left": 10,
          "right": 10,
          "top": 10,
        }
      }
      onClick={[Function]}
      onResponderGrant={[Function]}
      onResponderMove={[Function]}
      onResponderRelease={[Function]}
      onResponderTerminate={[Function]}
      onResponderTerminationRequest={[Function]}
      onStartShouldSetResponder={[Function]}
      style={
        {
          "alignItems": "center",
          "height": 48,
          "justifyContent": "center",
          "opacity": 1,
          "width": 48,
        }
      }
    >
      <Text
        style={
          [
            {
              "color": "#1A1A1A",
              "fontFamily": "Nunito-Bold",
              "fontSize": 32,
              "lineHeight": 38,
              "textAlign": "center",
            },
            {},
          ]
        }
      >
        5
      </Text>
    </View>
    <View
      accessible={true}
      collapsable={false}
      focusable={true}
      hitSlop={
        {
          "bottom": 10,
          "left": 10,
          "right": 10,
          "top": 10,
        }
      }
      onClick={[Function]}
      onResponderGrant={[Function]}
      onResponderMove={[Function]}
      onResponderRelease={[Function]}
      onResponderTerminate={[Function]}
      onResponderTerminationRequest={[Function]}
      onStartShouldSetResponder={[Function]}
      style={
        {
          "alignItems": "center",
          "height": 48,
          "justifyContent": "center",
          "opacity": 1,
          "width": 48,
        }
      }
    >
      <Text
        style={
          [
            {
              "color": "#1A1A1A",
              "fontFamily": "Nunito-Bold",
              "fontSize": 32,
              "lineHeight": 38,
              "textAlign": "center",
            },
            {},
          ]
        }
      >
        6
      </Text>
    </View>
  </View>
  <View
    style={
      {
        "flexDirection": "row",
        "justifyContent": "space-around",
        "marginTop": 12,
      }
    }
  >
    <View
      accessible={true}
      collapsable={false}
      focusable={true}
      hitSlop={
        {
          "bottom": 10,
          "left": 10,
          "right": 10,
          "top": 10,
        }
      }
      onClick={[Function]}
      onResponderGrant={[Function]}
      onResponderMove={[Function]}
      onResponderRelease={[Function]}
      onResponderTerminate={[Function]}
      onResponderTerminationRequest={[Function]}
      onStartShouldSetResponder={[Function]}
      style={
        {
          "alignItems": "center",
          "height": 48,
          "justifyContent": "center",
          "opacity": 1,
          "width": 48,
        }
      }
    >
      <Text
        style={
          [
            {
              "color": "#1A1A1A",
              "fontFamily": "Nunito-Bold",
              "fontSize": 32,
              "lineHeight": 38,
              "textAlign": "center",
            },
            {},
          ]
        }
      >
        7
      </Text>
    </View>
    <View
      accessible={true}
      collapsable={false}
      focusable={true}
      hitSlop={
        {
          "bottom": 10,
          "left": 10,
          "right": 10,
          "top": 10,
        }
      }
      onClick={[Function]}
      onResponderGrant={[Function]}
      onResponderMove={[Function]}
      onResponderRelease={[Function]}
      onResponderTerminate={[Function]}
      onResponderTerminationRequest={[Function]}
      onStartShouldSetResponder={[Function]}
      style={
        {
          "alignItems": "center",
          "height": 48,
          "justifyContent": "center",
          "opacity": 1,
          "width": 48,
        }
      }
    >
      <Text
        style={
          [
            {
              "color": "#1A1A1A",
              "fontFamily": "Nunito-Bold",
              "fontSize": 32,
              "lineHeight": 38,
              "textAlign": "center",
            },
            {},
          ]
        }
      >
        8
      </Text>
    </View>
    <View
      accessible={true}
      collapsable={false}
      focusable={true}
      hitSlop={
        {
          "bottom": 10,
          "left": 10,
          "right": 10,
          "top": 10,
        }
      }
      onClick={[Function]}
      onResponderGrant={[Function]}
      onResponderMove={[Function]}
      onResponderRelease={[Function]}
      onResponderTerminate={[Function]}
      onResponderTerminationRequest={[Function]}
      onStartShouldSetResponder={[Function]}
      style={
        {
          "alignItems": "center",
          "height": 48,
          "justifyContent": "center",
          "opacity": 1,
          "width": 48,
        }
      }
    >
      <Text
        style={
          [
            {
              "color": "#1A1A1A",
              "fontFamily": "Nunito-Bold",
              "fontSize": 32,
              "lineHeight": 38,
              "textAlign": "center",
            },
            {},
          ]
        }
      >
        9
      </Text>
    </View>
  </View>
  <View
    style={
      {
        "flexDirection": "row",
        "justifyContent": "space-around",
        "marginTop": 12,
      }
    }
  >
    <View
      accessible={true}
      collapsable={false}
      focusable={true}
      hitSlop={
        {
          "bottom": 10,
          "left": 10,
          "right": 10,
          "top": 10,
        }
      }
      onClick={[Function]}
      onResponderGrant={[Function]}
      onResponderMove={[Function]}
      onResponderRelease={[Function]}
      onResponderTerminate={[Function]}
      onResponderTerminationRequest={[Function]}
      onStartShouldSetResponder={[Function]}
      style={
        {
          "alignItems": "center",
          "height": 48,
          "justifyContent": "center",
          "opacity": 1,
          "width": 48,
        }
      }
    >
      <Text
        style={
          [
            {
              "color": "#1A1A1A",
              "fontFamily": "Nunito-Bold",
              "fontSize": 32,
              "lineHeight": 38,
              "textAlign": "center",
            },
            {},
          ]
        }
      >
        .
      </Text>
    </View>
    <View
      accessible={true}
      collapsable={false}
      focusable={true}
      hitSlop={
        {
          "bottom": 10,
          "left": 10,
          "right": 10,
          "top": 10,
        }
      }
      onClick={[Function]}
      onResponderGrant={[Function]}
      onResponderMove={[Function]}
      onResponderRelease={[Function]}
      onResponderTerminate={[Function]}
      onResponderTerminationRequest={[Function]}
      onStartShouldSetResponder={[Function]}
      style={
        {
          "alignItems": "center",
          "height": 48,
          "justifyContent": "center",
          "opacity": 1,
          "width": 48,
        }
      }
    >
      <Text
        style={
          [
            {
              "color": "#1A1A1A",
              "fontFamily": "Nunito-Bold",
              "fontSize": 32,
              "lineHeight": 38,
              "textAlign": "center",
            },
            {},
          ]
        }
      >
        0
      </Text>
    </View>
    <View
      accessible={true}
      collapsable={false}
      focusable={true}
      hitSlop={
        {
          "bottom": 10,
          "left": 10,
          "right": 10,
          "top": 10,
        }
      }
      onClick={[Function]}
      onResponderGrant={[Function]}
      onResponderMove={[Function]}
      onResponderRelease={[Function]}
      onResponderTerminate={[Function]}
      onResponderTerminationRequest={[Function]}
      onStartShouldSetResponder={[Function]}
      style={
        {
          "alignItems": "center",
          "height": 48,
          "justifyContent": "center",
          "opacity": 1,
          "width": 48,
        }
      }
    >
      <
        color="#1A1A1A"
        icon={
          {
            "icon": [
              576,
              512,
              [
                9003,
                "backspace",
              ],
              "f55a",
              "M576 128c0-35.3-28.7-64-64-64H205.3c-17 0-33.3 6.7-45.3 18.7L9.4 233.4c-6 6-9.4 14.1-9.4 22.6s3.4 16.6 9.4 22.6L160 429.3c12 12 28.3 18.7 45.3 18.7H512c35.3 0 64-28.7 64-64V128zM271 175c9.4-9.4 24.6-9.4 33.9 0l47 47 47-47c9.4-9.4 24.6-9.4 33.9 0s9.4 24.6 0 33.9l-47 47 47 47c9.4 9.4 9.4 24.6 0 33.9s-24.6 9.4-33.9 0l-47-47-47 47c-9.4 9.4-24.6 9.4-33.9 0s-9.4-24.6 0-33.9l47-47-47-47c-9.4-9.4-9.4-24.6 0-33.9z",
            ],
            "iconName": "delete-left",
            "prefix": "fas",
          }
        }
        size={24}
      />
    </View>
  </View>
</View>
`;
