// Jest Snapshot v1, https://goo.gl/fbAQLP

exports[`Link should match snapshot 1`] = `
<View
  accessible={true}
  collapsable={false}
  focusable={false}
  onClick={[Function]}
  onResponderGrant={[Function]}
  onResponderMove={[Function]}
  onResponderRelease={[Function]}
  onResponderTerminate={[Function]}
  onResponderTerminationRequest={[Function]}
  onStartShouldSetResponder={[Function]}
  style={
    {
      "opacity": 1,
    }
  }
  testID="link"
>
  <Text
    style={
      [
        {
          "color": "#0055FF",
          "fontFamily": "Nunito-SemiBold",
          "fontSize": 14,
          "lineHeight": undefined,
          "textAlign": "auto",
        },
        {},
      ]
    }
    testID="link_label"
  >
    Hello Test
  </Text>
</View>
`;
