// Jest Snapshot v1, https://goo.gl/fbAQLP

exports[`should match snapshot 1`] = `
<View
  accessible={true}
  collapsable={false}
  focusable={true}
  onClick={[Function]}
  onResponderGrant={[Function]}
  onResponderMove={[Function]}
  onResponderRelease={[Function]}
  onResponderTerminate={[Function]}
  onResponderTerminationRequest={[Function]}
  onStartShouldSetResponder={[Function]}
  style={
    Object {
      "backgroundColor": "#1A1A1A66",
      "borderRadius": 9999,
      "height": 24,
      "padding": 2,
      "width": 40,
    }
  }
  testID="switch"
>
  <View
    collapsable={false}
    style={
      Object {
        "backgroundColor": "#FFFFFF",
        "borderRadius": 9999,
        "height": 20,
        "transform": Array [
          Object {
            "translateX": 0,
          },
        ],
        "width": 20,
      }
    }
  />
</View>
`;
